[0m23:09:34.378689 [debug] [MainThread]: Sending event: {'category': 'dbt', 'action': 'invocation', 'label': 'start', 'context': [<snowplow_tracker.self_describing_json.SelfDescribingJson object at 0x10735e9d0>, <snowplow_tracker.self_describing_json.SelfDescribingJson object at 0x114b21850>, <snowplow_tracker.self_describing_json.SelfDescribingJson object at 0x114b227d0>]}


============================== 23:09:34.384193 | 5d053035-3fe6-463d-9e65-baa4489b31a8 ==============================
[0m23:09:34.384193 [info ] [MainThread]: Running with dbt=1.11.11
[0m23:09:34.384724 [debug] [MainThread]: running dbt with arguments {'send_anonymous_usage_stats': 'True', 'log_cache_events': 'False', 'cache_selected_only': 'False', 'profiles_dir': '/Users/nandithamatta/.dbt', 'version_check': 'True', 'debug': 'False', 'target_path': 'None', 'use_colors': 'True', 'quiet': 'False', 'empty': 'None', 'log_path': 'logs', 'indirect_selection': 'eager', 'static_parser': 'True', 'no_print': 'None', 'introspect': 'True', 'log_format': 'default', 'fail_fast': 'False', 'warn_error_options': 'WarnErrorOptionsV2(error=[], warn=[], silence=[])', 'write_json': 'True', 'partial_parse': 'True', 'printer_width': '80', 'warn_error': 'None', 'use_experimental_parser': 'False', 'invocation_command': 'dbt init workforce_intel_platform'}
[0m23:09:34.395594 [info ] [MainThread]: Creating dbt configuration folder at /Users/nandithamatta/.dbt
[0m23:09:34.396915 [debug] [MainThread]: Starter project path: /Users/nandithamatta/anaconda3/lib/python3.11/site-packages/dbt/include/starter_project
[0m23:09:34.401840 [info ] [MainThread]: 
Your new dbt project "workforce_intel_platform" was created!

For more information on how to configure the profiles.yml file,
please consult the dbt documentation here:

  https://docs.getdbt.com/docs/configure-your-profile

One more thing:

Need help? Don't hesitate to reach out to us via GitHub issues or on Slack:

  https://community.getdbt.com/

Happy modeling!

[0m23:09:34.402162 [info ] [MainThread]: Setting up your profile.
[0m23:14:49.968723 [info ] [MainThread]: Profile workforce_intel_platform written to /Users/nandithamatta/.dbt/profiles.yml using target's profile_template.yml and your supplied values. Run 'dbt debug' to validate the connection.
[0m23:14:50.031959 [debug] [MainThread]: Resource report: {"command_name": "init", "command_success": true, "command_wall_clock_time": 315.7308, "process_in_blocks": "0", "process_kernel_time": 0.412379, "process_mem_max_rss": "133955584", "process_out_blocks": "0", "process_user_time": 1.268588}
[0m23:14:50.036091 [debug] [MainThread]: Command `dbt init` succeeded at 23:14:50.035799 after 315.74 seconds
[0m23:14:50.037712 [debug] [MainThread]: Sending event: {'category': 'dbt', 'action': 'invocation', 'label': 'end', 'context': [<snowplow_tracker.self_describing_json.SelfDescribingJson object at 0x114b05f90>, <snowplow_tracker.self_describing_json.SelfDescribingJson object at 0x105331f90>, <snowplow_tracker.self_describing_json.SelfDescribingJson object at 0x1145b8750>]}
[0m23:14:50.039328 [debug] [MainThread]: Flushing usage events
[0m23:14:50.587639 [debug] [MainThread]: An error was encountered while trying to flush usage events
